[    0.000000] Linux version 4.15.0-211-generic (buildd@lcy02-amd64-047) (gcc version 7.5.0 (Ubuntu 7.5.0-3ubuntu1~18.04)) #222-Ubuntu SMP Tue Apr 18 18:55:06 UTC 2023 (Ubuntu 4.15.0-211.222-generic 4.15.18)
[    0.000000] Command line: BOOT_IMAGE=/boot/vmlinuz-4.15.0-211-generic root=LABEL=cloudimg-rootfs ro console=tty1 console=ttyS0
[    0.000000] KERNEL supported cpus:
[    0.000000]   Intel GenuineIntel
[    0.000000]   AMD AuthenticAMD
[    0.000000]   Centaur CentaurHauls
[    0.000000] x86/fpu: Supporting XSAVE feature 0x001: 'x87 floating point registers'
[    0.000000] x86/fpu: Supporting XSAVE feature 0x002: 'SSE registers'
[    0.000000] x86/fpu: Supporting XSAVE feature 0x004: 'AVX registers'
[    0.000000] x86/fpu: xstate_offset[2]:  576, xstate_sizes[2]:  256
[    0.000000] x86/fpu: Enabled xstate features 0x7, context size is 832 bytes, using 'standard' format.
[    0.000000] e820: BIOS-provided physical RAM map:
[    0.000000] BIOS-e820: [mem 0x0000000000000000-0x000000000009fbff] usable
[    0.000000] BIOS-e820: [mem 0x000000000009fc00-0x000000000009ffff] reserved
[    0.000000] BIOS-e820: [mem 0x00000000000f0000-0x00000000000fffff] reserved
[    0.000000] BIOS-e820: [mem 0x0000000000100000-0x000000003ffeffff] usable
[    0.000000] BIOS-e820: [mem 0x000000003fff0000-0x000000003fffffff] ACPI data
[    0.000000] BIOS-e820: [mem 0x00000000fec00000-0x00000000fec00fff] reserved
[    0.000000] BIOS-e820: [mem 0x00000000fee00000-0x00000000fee00fff] reserved
[    0.000000] BIOS-e820: [mem 0x00000000fffc0000-0x00000000ffffffff] reserved
[    0.000000] NX (Execute Disable) protection: active
[    0.000000] SMBIOS 2.5 present.
[    0.000000] DMI: innotek GmbH VirtualBox/VirtualBox, BIOS VirtualBox 12/01/2006
[    0.000000] Hypervisor detected: KVM
[    0.000000] e820: last_pfn = 0x3fff0 max_arch_pfn = 0x400000000
[    0.000000] MTRR: Disabled
[    0.000000] x86/PAT: MTRRs disabled, skipping PAT initialization too.
[    0.000000] CPU MTRRs all blank - virtualized system.
[    0.000000] x86/PAT: Configuration [0-7]: WB  WT  UC- UC  WB  WT  UC- UC  
[    0.000000] found SMP MP-table at [mem 0x0009fff0-0x0009ffff]
[    0.000000] Scanning 1 areas for low memory corruption
[    0.000000] RAMDISK: [mem 0x359c7000-0x36cdafff]
[    0.000000] ACPI: Early table checksum verification disabled
[    0.000000] ACPI: RSDP 0x00000000000E0000 000024 (v02 VBOX  )
[    0.000000] ACPI: XSDT 0x000000003FFF0030 00003C (v01 VBOX   VBOXXSDT 00000001 ASL  00000061)
[    0.000000] ACPI: FACP 0x000000003FFF00F0 0000F4 (v04 VBOX   VBOXFACP 00000001 ASL  00000061)
[    0.000000] ACPI: DSDT 0x000000003FFF0610 002353 (v02 VBOX   VBOXBIOS 00000002 INTL 20210930)
[    0.000000] ACPI: FACS 0x000000003FFF0200 000040
[    0.000000] ACPI: FACS 0x000000003FFF0200 000040
[    0.000000] ACPI: APIC 0x000000003FFF0240 00005C (v02 VBOX   VBOXAPIC 00000001 ASL  00000061)
[    0.000000] ACPI: SSDT 0x000000003FFF02A0 00036C (v01 VBOX   VBOXCPUT 00000002 INTL 20210930)
[    0.000000] ACPI: Reserving FACP table memory at [mem 0x3fff00f0-0x3fff01e3]
[    0.000000] ACPI: Reserving DSDT table memory at [mem 0x3fff0610-0x3fff2962]
[    0.000000] ACPI: Reserving FACS table memory at [mem 0x3fff0200-0x3fff023f]
[    0.000000] ACPI: Reserving FACS table memory at [mem 0x3fff0200-0x3fff023f]
[    0.000000] ACPI: Reserving APIC table memory at [mem 0x3fff0240-0x3fff029b]
[    0.000000] ACPI: Reserving SSDT table memory at [mem 0x3fff02a0-0x3fff060b]
[    0.000000] No NUMA configuration found
[    0.000000] Faking a node at [mem 0x0000000000000000-0x000000003ffeffff]
[    0.000000] NODE_DATA(0) allocated [mem 0x3ffc5000-0x3ffeffff]
[    0.000000] kvm-clock: cpu 0, msr 0:3ff44001, primary cpu clock
[    0.000000] kvm-clock: Using msrs 4b564d01 and 4b564d00
[    0.000000] kvm-clock: using sched offset of 3596613258 cycles
[    0.000000] clocksource: kvm-clock: mask: 0xffffffffffffffff max_cycles: 0x1cd42e4dffb, max_idle_ns: 881590591483 ns
[    0.000000] Zone ranges:
[    0.000000]   DMA      [mem 0x0000000000001000-0x0000000000ffffff]
[    0.000000]   DMA32    [mem 0x0000000001000000-0x000000003ffeffff]
[    0.000000]   Normal   empty
[    0.000000]   Device   empty
[    0.000000] Movable zone start for each node
[    0.000000] Early memory node ranges
[    0.000000]   node   0: [mem 0x0000000000001000-0x000000000009efff]
[    0.000000]   node   0: [mem 0x0000000000100000-0x000000003ffeffff]
[    0.000000] Reserved but unavailable: 104 pages
[    0.000000] Initmem setup node 0 [mem 0x0000000000001000-0x000000003ffeffff]
[    0.000000] ACPI: PM-Timer IO Port: 0x4008
[    0.000000] IOAPIC[0]: apic_id 2, version 32, address 0xfec00000, GSI 0-23
[    0.000000] ACPI: INT_SRC_OVR (bus 0 bus_irq 0 global_irq 2 dfl dfl)
[    0.000000] ACPI: INT_SRC_OVR (bus 0 bus_irq 9 global_irq 9 low level)
[    0.000000] Using ACPI (MADT) for SMP configuration information
[    0.000000] smpboot: Allowing 2 CPUs, 0 hotplug CPUs
[    0.000000] PM: Registered nosave memory: [mem 0x00000000-0x00000fff]
[    0.000000] PM: Registered nosave memory: [mem 0x0009f000-0x0009ffff]
[    0.000000] PM: Registered nosave memory: [mem 0x000a0000-0x000effff]
[    0.000000] PM: Registered nosave memory: [mem 0x000f0000-0x000fffff]
[    0.000000] e820: [mem 0x40000000-0xfebfffff] available for PCI devices
[    0.000000] Booting paravirtualized kernel on KVM
[    0.000000] clocksource: refined-jiffies: mask: 0xffffffff max_cycles: 0xffffffff, max_idle_ns: 7645519600211568 ns
[    0.000000] setup_percpu: NR_CPUS:8192 nr_cpumask_bits:2 nr_cpu_ids:2 nr_node_ids:1
[    0.000000] percpu: Embedded 50 pages/cpu s167936 r8192 d28672 u1048576
[    0.000000] PV qspinlock hash table entries: 256 (order: 0, 4096 bytes)
[    0.000000] Built 1 zonelists, mobility grouping on.  Total pages: 257913
[    0.000000] Policy zone: DMA32
[    0.000000] Kernel command line: BOOT_IMAGE=/boot/vmlinuz-4.15.0-211-generic root=LABEL=cloudimg-rootfs ro console=tty1 console=ttyS0
[    0.000000] Memory: 982636K/1048120K available (12300K kernel code, 2477K rwdata, 4324K rodata, 2480K init, 2720K bss, 65484K reserved, 0K cma-reserved)
[    0.000000] SLUB: HWalign=64, Order=0-3, MinObjects=0, CPUs=2, Nodes=1
[    0.000000] Kernel/User page tables isolation: enabled
[    0.000000] ftrace: allocating 39508 entries in 155 pages
[    0.004000] Hierarchical RCU implementation.
[    0.004000] 	RCU restricting CPUs from NR_CPUS=8192 to nr_cpu_ids=2.
[    0.004000] 	Tasks RCU enabled.
[    0.004000] RCU: Adjusting geometry for rcu_fanout_leaf=16, nr_cpu_ids=2
[    0.004000] NR_IRQS: 524544, nr_irqs: 440, preallocated irqs: 16
[    0.004000] random: crng init done
[    0.004000] Console: colour VGA+ 80x25
[    0.004000] console [tty1] enabled
[    0.004000] console [ttyS0] enabled
[    0.004000] ACPI: Core revision 20170831
[    0.004000] ACPI: 2 ACPI AML tables successfully acquired and loaded
[    0.004000] APIC: Switch to symmetric I/O mode setup
[    0.004411] x2apic enabled
[    0.008018] Switched APIC routing to physical x2apic.
[    0.016000] ..TIMER: vector=0x30 apic1=0 pin1=2 apic2=-1 pin2=-1
[    0.016004] tsc: Detected 2305.452 MHz processor
[    0.019115] Calibrating delay loop (skipped) preset value.. 4610.90 BogoMIPS (lpj=9221808)
[    0.020004] pid_max: default: 32768 minimum: 301
[    0.023049] Security Framework initialized
[    0.024003] Yama: becoming mindful.
[    0.028051] AppArmor: AppArmor initialized
[    0.032933] Dentry cache hash table entries: 131072 (order: 8, 1048576 bytes)
[    0.036773] Inode-cache hash table entries: 65536 (order: 7, 524288 bytes)
[    0.040036] Mount-cache hash table entries: 2048 (order: 2, 16384 bytes)
[    0.044039] Mountpoint-cache hash table entries: 2048 (order: 2, 16384 bytes)
[    0.052015] Last level iTLB entries: 4KB 0, 2MB 0, 4MB 0
[    0.055196] Last level dTLB entries: 4KB 0, 2MB 0, 4MB 0, 1GB 0
[    0.056017] Spectre V1 : Mitigation: usercopy/swapgs barriers and __user pointer sanitization
[    0.060003] Spectre V2 : Mitigation: Retpolines
[    0.064002] Spectre V2 : Spectre v2 / SpectreRSB mitigation: Filling RSB on context switch
[    0.068002] Spectre V2 : Spectre v2 / SpectreRSB : Filling RSB on VMEXIT
[    0.072002] RETBleed: WARNING: Spectre v2 mitigation leaves CPU vulnerable to RETBleed attacks, data leaks possible!
[    0.076002] RETBleed: Vulnerable
[    0.078121] Speculative Store Bypass: Vulnerable
[    0.080104] MDS: Mitigation: Clear CPU buffers
[    0.084002] MMIO Stale Data: Mitigation: Clear CPU buffers
[    0.088015] SRBDS: Unknown: Dependent on hypervisor status
[    0.091448] Freeing SMP alternatives memory: 36K
[    0.208005] APIC calibration not consistent with PM-Timer: 101ms instead of 100ms
[    0.212000] APIC delta adjusted to PM-Timer: 6238964 (6313127)
[    0.212208] smpboot: CPU0: Intel(R) Core(TM) i7-1068NG7 CPU @ 2.30GHz (family: 0x6, model: 0x7e, stepping: 0x5)
[    0.216229] Performance Events: unsupported p6 CPU model 126 no PMU driver, software events only.
[    0.220070] Hierarchical SRCU implementation.
[    0.224620] NMI watchdog: Perf event create on CPU 0 failed with -2
[    0.228002] NMI watchdog: Perf NMI watchdog permanently disabled
[    0.232150] smp: Bringing up secondary CPUs ...
[    0.236394] x86: Booting SMP configuration:
[    0.238862] .... node  #0, CPUs:      #1
[    0.004000] kvm-clock: cpu 1, msr 0:3ff44041, secondary cpu clock
[    0.244154] smp: Brought up 1 node, 2 CPUs
[    0.246589] smpboot: Max logical packages: 1
[    0.248006] smpboot: Total of 2 processors activated (9221.80 BogoMIPS)
[    0.252225] devtmpfs: initialized
[    0.254013] x86/mm: Memory block size: 128MB
[    0.256224] evm: security.selinux
[    0.258156] evm: security.SMACK64
[    0.260003] evm: security.SMACK64EXEC
[    0.262068] evm: security.SMACK64TRANSMUTE
[    0.264000] evm: security.SMACK64MMAP
[    0.264003] evm: security.apparmor
[    0.265982] evm: security.ima
[    0.268003] evm: security.capability
[    0.272140] clocksource: jiffies: mask: 0xffffffff max_cycles: 0xffffffff, max_idle_ns: 7645041785100000 ns
[    0.276009] futex hash table entries: 512 (order: 3, 32768 bytes)
[    0.280118] pinctrl core: initialized pinctrl subsystem
[    0.284391] RTC time: 22:00:54, date: 06/08/23
[    0.288305] NET: Registered protocol family 16
[    0.291245] audit: initializing netlink subsys (disabled)
[    0.292084] audit: type=2000 audit(1686261659.116:1): state=initialized audit_enabled=0 res=1
[    0.296007] cpuidle: using governor ladder
[    0.298298] cpuidle: using governor menu
[    0.300048] ACPI: bus type PCI registered
[    0.302385] acpiphp: ACPI Hot Plug PCI Controller Driver version: 0.5
[    0.304367] PCI: Using configuration type 1 for base access
[    0.312041] HugeTLB registered 2.00 MiB page size, pre-allocated 0 pages
[    0.316184] ACPI: Added _OSI(Module Device)
[    0.320026] ACPI: Added _OSI(Processor Device)
[    0.322473] ACPI: Added _OSI(3.0 _SCP Extensions)
[    0.324011] ACPI: Added _OSI(Processor Aggregator Device)
[    0.328003] ACPI: Added _OSI(Linux-Dell-Video)
[    0.330481] ACPI: Added _OSI(Linux-Lenovo-NV-HDMI-Audio)
[    0.332004] ACPI: Added _OSI(Linux-HPI-Hybrid-Graphics)
[    0.336614] ACPI: Executed 1 blocks of module-level executable AML code
[    0.343499] ACPI: Interpreter enabled
[    0.344022] ACPI: (supports S0 S5)
[    0.345994] ACPI: Using IOAPIC for interrupt routing
[    0.348410] PCI: Using host bridge windows from ACPI; if necessary, use "pci=nocrs" and report a bug
[    0.352238] ACPI: Enabled 2 GPEs in block 00 to 07
[    0.364000] ACPI: PCI Root Bridge [PCI0] (domain 0000 [bus 00-ff])
[    0.364010] acpi PNP0A03:00: _OSC: OS supports [ASPM ClockPM Segments MSI]
[    0.368716] acpi PNP0A03:00: _OSC: not requesting OS control; OS requires [ExtendedConfig ASPM ClockPM MSI]
[    0.372023] acpi PNP0A03:00: fail to add MMCONFIG information, can't access extended PCI configuration space under this bridge.
[    0.376753] PCI host bridge to bus 0000:00
[    0.379143] pci_bus 0000:00: root bus resource [io  0x0000-0x0cf7 window]
[    0.380006] pci_bus 0000:00: root bus resource [io  0x0d00-0xffff window]
[    0.384006] pci_bus 0000:00: root bus resource [mem 0x000a0000-0x000bffff window]
[    0.388003] pci_bus 0000:00: root bus resource [mem 0x40000000-0xfdffffff window]
[    0.392005] pci_bus 0000:00: root bus resource [bus 00-ff]
[    0.403095] pci 0000:00:01.1: legacy IDE quirk: reg 0x10: [io  0x01f0-0x01f7]
[    0.404004] pci 0000:00:01.1: legacy IDE quirk: reg 0x14: [io  0x03f6]
[    0.408018] pci 0000:00:01.1: legacy IDE quirk: reg 0x18: [io  0x0170-0x0177]
[    0.412005] pci 0000:00:01.1: legacy IDE quirk: reg 0x1c: [io  0x0376]
[    0.455696] pci 0000:00:07.0: quirk: [io  0x4000-0x403f] claimed by PIIX4 ACPI
[    0.456039] pci 0000:00:07.0: quirk: [io  0x4100-0x410f] claimed by PIIX4 SMB
[    0.480751] ACPI: PCI Interrupt Link [LNKA] (IRQs 5 9 10 *11)
[    0.484484] ACPI: PCI Interrupt Link [LNKB] (IRQs 5 9 *10 11)
[    0.488171] ACPI: PCI Interrupt Link [LNKC] (IRQs 5 *9 10 11)
[    0.491406] ACPI: PCI Interrupt Link [LNKD] (IRQs 5 9 10 *11)
[    0.492473] SCSI subsystem initialized
[    0.496129] pci 0000:00:02.0: vgaarb: setting as boot VGA device
[    0.499535] pci 0000:00:02.0: vgaarb: VGA device added: decodes=io+mem,owns=io+mem,locks=none
[    0.500005] pci 0000:00:02.0: vgaarb: bridge control possible
[    0.504002] vgaarb: loaded
[    0.505674] ACPI: bus type USB registered
[    0.508020] usbcore: registered new interface driver usbfs
[    0.511175] usbcore: registered new interface driver hub
[    0.512011] usbcore: registered new device driver usb
[    0.516117] EDAC MC: Ver: 3.0.0
[    0.520142] PCI: Using ACPI for IRQ routing
[    0.523012] NetLabel: Initializing
[    0.524003] NetLabel:  domain hash size = 128
[    0.526455] NetLabel:  protocols = UNLABELED CIPSOv4 CALIPSO
[    0.528032] NetLabel:  unlabeled traffic allowed by default
[    0.532295] clocksource: Switched to clocksource kvm-clock
[    0.554848] VFS: Disk quotas dquot_6.6.0
[    0.557197] VFS: Dquot-cache hash table entries: 512 (order 0, 4096 bytes)
[    0.561120] AppArmor: AppArmor Filesystem Enabled
[    0.563744] pnp: PnP ACPI init
[    0.567849] pnp: PnP ACPI: found 3 devices
[    0.585690] clocksource: acpi_pm: mask: 0xffffff max_cycles: 0xffffff, max_idle_ns: 2085701024 ns
[    0.590730] NET: Registered protocol family 2
[    0.593457] IP idents hash table entries: 16384 (order: 5, 131072 bytes)
[    0.597527] TCP established hash table entries: 8192 (order: 4, 65536 bytes)
[    0.601431] TCP bind hash table entries: 8192 (order: 5, 131072 bytes)
[    0.605228] TCP: Hash tables configured (established 8192 bind 8192)
[    0.608916] UDP hash table entries: 512 (order: 2, 16384 bytes)
[    0.612245] UDP-Lite hash table entries: 512 (order: 2, 16384 bytes)
[    0.615879] NET: Registered protocol family 1
[    0.618391] pci 0000:00:00.0: Limiting direct PCI/PCI transfers
[    0.621724] pci 0000:00:01.0: Activating ISA DMA hang workarounds
[    0.625195] pci 0000:00:02.0: Video device with shadowed ROM at [mem 0x000c0000-0x000dffff]
[    0.630328] Unpacking initramfs...
[    0.989227] Freeing initrd memory: 19536K
[    0.994368] clocksource: tsc: mask: 0xffffffffffffffff max_cycles: 0x213b53451d3, max_idle_ns: 440795216841 ns
[    0.999972] platform rtc_cmos: registered platform RTC device (no PNP device found)
[    1.004441] Scanning for low memory corruption every 60 seconds
[    1.008938] Initialise system trusted keyrings
[    1.011567] Key type blacklist registered
[    1.014375] workingset: timestamp_bits=36 max_order=18 bucket_order=0
[    1.020083] zbud: loaded
[    1.022317] squashfs: version 4.0 (2009/01/31) Phillip Lougher
[    1.026106] fuse init (API version 7.26)
[    1.038236] Key type asymmetric registered
[    1.040833] Asymmetric key parser 'x509' registered
[    1.043953] Block layer SCSI generic (bsg) driver version 0.4 loaded (major 246)
[    1.048671] io scheduler noop registered
[    1.051070] io scheduler deadline registered
[    1.053751] io scheduler cfq registered (default)
[    1.057655] ACPI: AC Adapter [AC] (on-line)
[    1.060686] input: Power Button as /devices/LNXSYSTM:00/LNXPWRBN:00/input/input0
[    1.065169] ACPI: Power Button [PWRF]
[    1.067425] input: Sleep Button as /devices/LNXSYSTM:00/LNXSLPBN:00/input/input1
[    1.071773] ACPI: Sleep Button [SLPF]
[    1.077000] ACPI: Battery Slot [BAT0] (battery present)
[    1.080332] Serial: 8250/16550 driver, 32 ports, IRQ sharing enabled
[    1.109646] 00:02: ttyS0 at I/O 0x3f8 (irq = 4, base_baud = 115200) is a 16550A
[    1.119364] Linux agpgart interface v0.103
[    1.125809] loop: module loaded
[    1.129112] scsi host0: ata_piix
[    1.131270] scsi host1: ata_piix
[    1.133264] ata1: PATA max UDMA/33 cmd 0x1f0 ctl 0x3f6 bmdma 0xd000 irq 14
[    1.137521] ata2: PATA max UDMA/33 cmd 0x170 ctl 0x376 bmdma 0xd008 irq 15
[    1.141491] tun: Universal TUN/TAP device driver, 1.6
[    1.145109] PPP generic driver version 2.4.2
[    1.148124] ehci_hcd: USB 2.0 'Enhanced' Host Controller (EHCI) Driver
[    1.151962] ehci-pci: EHCI PCI platform driver
[    1.154707] ehci-platform: EHCI generic platform driver
[    1.157731] ohci_hcd: USB 1.1 'Open' Host Controller (OHCI) Driver
[    1.161812] ohci-pci: OHCI PCI platform driver
[    1.164354] ohci-platform: OHCI generic platform driver
[    1.167194] uhci_hcd: USB Universal Host Controller Interface driver
[    1.170722] i8042: PNP: PS/2 Controller [PNP0303:PS2K,PNP0f03:PS2M] at 0x60,0x64 irq 1,12
[    1.177515] serio: i8042 KBD port at 0x60,0x64 irq 1
[    1.180273] serio: i8042 AUX port at 0x60,0x64 irq 12
[    1.183469] mousedev: PS/2 mouse device common for all mice
[    1.188804] input: AT Translated Set 2 keyboard as /devices/platform/i8042/serio0/input/input2
[    1.193555] rtc_cmos rtc_cmos: rtc core: registered rtc_cmos as rtc0
[    1.197985] rtc_cmos rtc_cmos: alarms up to one day, 114 bytes nvram
[    1.202061] i2c /dev entries driver
[    1.204849] device-mapper: uevent: version 1.0.3
[    1.208176] device-mapper: ioctl: 4.37.0-ioctl (2017-09-20) initialised: dm-devel@redhat.com
[    1.213313] ledtrig-cpu: registered to indicate activity on CPUs
[    1.217875] NET: Registered protocol family 10
[    1.226352] Segment Routing with IPv6
[    1.228679] NET: Registered protocol family 17
[    1.231560] Key type dns_resolver registered
[    1.234672] mce: Using 0 MCE banks
[    1.236942] RAS: Correctable Errors collector initialized.
[    1.240398] sched_clock: Marking stable (1240341206, 0)->(1720247052, -479905846)
[    1.246097] registered taskstats version 1
[    1.248497] Loading compiled-in X.509 certificates
[    1.254068] Loaded X.509 cert 'Build time autogenerated kernel key: 6893c09f03d31bc6e9f3dd5a3a18faae0d596a39'
[    1.260216] Loaded X.509 cert 'Canonical Ltd. Live Patch Signing: 14df34d1a87cf37625abec039ef2bf521249b969'
[    1.267246] Loaded X.509 cert 'Canonical Ltd. Kernel Module Signing: 88f752e560a1e0737e31163a466ad7b70a850c19'
[    1.273443] blacklist: Loading compiled-in revocation X.509 certificates
[    1.277325] Loaded X.509 cert 'Canonical Ltd. Secure Boot Signing: 61482aa2830d0ab2ad5af10b7250da9033ddcef0'
[    1.283158] Loaded X.509 cert 'Canonical Ltd. Secure Boot Signing (2017): 242ade75ac4a15e50d50c84b0d45ff3eae707a03'
[    1.288967] Loaded X.509 cert 'Canonical Ltd. Secure Boot Signing (ESM 2018): 365188c1d374d6b07c3c8f240f8ef722433d6a8b'
[    1.295015] Loaded X.509 cert 'Canonical Ltd. Secure Boot Signing (2019): c0746fd6c5da3ae827864651ad66ae47fe24b3e8'
[    1.301143] Loaded X.509 cert 'Canonical Ltd. Secure Boot Signing (2021 v1): a8d54bbb3825cfb94fa13c9f8a594a195c107b8d'
[    1.307666] Loaded X.509 cert 'Canonical Ltd. Secure Boot Signing (2021 v2): 4cf046892d6fd3c9a5b03f98d845f90851dc6a8c'
[    1.314636] Loaded X.509 cert 'Canonical Ltd. Secure Boot Signing (2021 v3): 100437bb6de6e469b581e61cd66bce3ef4ed53af'
[    1.321472] Loaded X.509 cert 'Canonical Ltd. Secure Boot Signing (Ubuntu Core 2019): c1d57b8f6b743f23ee41f4f7ee292f06eecadfb9'
[    1.329705] zswap: loaded using pool lzo/zbud
[    1.358835] Key type big_key registered
[    1.361454] Key type trusted registered
[    1.366374] Key type encrypted registered
[    1.369048] AppArmor: AppArmor sha1 policy hashing enabled
[    1.372651] ima: No TPM chip found, activating TPM-bypass! (rc=-19)
[    1.376445] ima: Allocated hash algorithm: sha1
[    1.379438] evm: HMAC attrs: 0x1
[    1.382341]   Magic number: 11:895:46
[    1.385036] rtc_cmos rtc_cmos: setting system clock to 2023-06-08 22:00:55 UTC (1686261655)
[    1.390569] BIOS EDD facility v0.16 2004-Jun-25, 0 devices found
[    1.394670] EDD information not available.
[    1.399541] Freeing unused kernel image memory: 2480K
[    1.424524] Write protecting the kernel read-only data: 20480k
[    1.436617] Freeing unused kernel image memory: 2008K
[    1.443716] Freeing unused kernel image memory: 1820K
[    1.454584] x86/mm: Checked W+X mappings: passed, no W+X pages found.
[    1.459907] x86/mm: Checking user space page tables
[    1.467485] x86/mm: Checked W+X mappings: passed, no W+X pages found.
Loading, please wait...
starting version 237
[    1.551095] e1000: Intel(R) PRO/1000 Network Driver - version 7.3.21-k8-NAPI
[    1.555893] e1000: Copyright (c) 1999-2006 Intel Corporation.
[    1.562677] Fusion MPT base driver 3.04.20
[    1.565669] Copyright (c) 1999-2008 LSI Corporation
[    1.576830] Fusion MPT SPI Host driver 3.04.20
[    1.591866] AVX2 version of gcm_enc/dec engaged.
[    1.595033] AES CTR mode by8 optimization enabled
[    1.848544] input: ImExPS/2 Generic Explorer Mouse as /devices/platform/i8042/serio1/input/input4
[    2.096443] e1000 0000:00:03.0 eth0: (PCI:33MHz:32-bit) 02:ce:cf:1b:c9:4b
[    2.101481] e1000 0000:00:03.0 eth0: Intel(R) PRO/1000 Network Connection
[    2.107496] mptbase: ioc0: Initiating bringup
[    2.225969] ioc0: LSI53C1030 A0: Capabilities={Initiator}
[    2.496141] scsi host2: ioc0: LSI53C1030 A0, FwRev=00000000h, Ports=1, MaxQ=256, IRQ=20
[    2.675003] scsi 2:0:0:0: Direct-Access     VBOX     HARDDISK         1.0  PQ: 0 ANSI: 5
[    2.721293] scsi target2:0:0: Beginning Domain Validation
[    2.751291] scsi target2:0:0: Domain Validation skipping write tests
[    2.756216] scsi target2:0:0: Ending Domain Validation
[    2.771345] scsi target2:0:0: asynchronous
[    2.774502] scsi 2:0:1:0: Direct-Access     VBOX     HARDDISK         1.0  PQ: 0 ANSI: 5
[    2.975460] scsi target2:0:1: Beginning Domain Validation
[    2.982435] scsi target2:0:1: Domain Validation skipping write tests
[    2.986691] scsi target2:0:1: Ending Domain Validation
[    2.990481] scsi target2:0:1: asynchronous
[    3.000986] sd 2:0:0:0: [sda] 83886080 512-byte logical blocks: (42.9 GB/40.0 GiB)
[    3.006140] sd 2:0:0:0: [sda] Write Protect is off
[    3.009424] sd 2:0:0:0: Attached scsi generic sg0 type 0
[    3.012975] sd 2:0:0:0: [sda] Incomplete mode parameter data
[    3.016483] sd 2:0:0:0: [sda] Assuming drive cache: write through
[    3.020860] sd 2:0:1:0: Attached scsi generic sg1 type 0
[    3.026947]  sda: sda1
[    3.029842] sd 2:0:0:0: [sda] Attached SCSI disk
[    3.033299] sd 2:0:1:0: [sdb] 20480 512-byte logical blocks: (10.5 MB/10.0 MiB)
[    3.038130] sd 2:0:1:0: [sdb] Write Protect is off
[    3.041709] sd 2:0:1:0: [sdb] Incomplete mode parameter data
[    3.045602] sd 2:0:1:0: [sdb] Assuming drive cache: write through
[    3.053091] sd 2:0:1:0: [sdb] Attached SCSI disk
[    3.218343] e1000 0000:00:08.0 eth1: (PCI:33MHz:32-bit) 08:00:27:44:49:83
[    3.222742] e1000 0000:00:08.0 eth1: Intel(R) PRO/1000 Network Connection
[    3.229376] e1000 0000:00:03.0 enp0s3: renamed from eth0
[    3.341747] e1000 0000:00:08.0 enp0s8: renamed from eth1
Begin: Loading essential drivers ... [    5.432356] raid6: sse2x1   gen() 13126 MB/s
[    5.484252] raid6: sse2x1   xor()  8034 MB/s
[    5.536010] raid6: sse2x2   gen() 16762 MB/s
[    5.584586] raid6: sse2x2   xor() 10222 MB/s
[    5.708101] raid6: sse2x4   gen() 12668 MB/s
[    5.781643] raid6: sse2x4   xor()  9218 MB/s
[    5.845088] raid6: avx2x1   gen() 20273 MB/s
[    5.904372] raid6: avx2x1   xor() 14209 MB/s
[    5.956424] raid6: avx2x2   gen() 27905 MB/s
[    6.004364] raid6: avx2x2   xor() 17897 MB/s
[    6.052463] raid6: avx2x4   gen() 22948 MB/s
[    6.101040] raid6: avx2x4   xor() 12587 MB/s
[    6.107708] raid6: using algorithm avx2x2 gen() 27905 MB/s
[    6.112865] raid6: .... xor() 17897 MB/s, rmw enabled
[    6.116038] raid6: using avx2x2 recovery algorithm
[    6.120387] xor: automatically using best checksumming function   avx       
[    6.126444] async_tx: api initialized (async)
done.
Begin: Running /scripts/init-premount ... done.
Begin: Mounting root file system ... Begin: Running /scripts/local-top ... done.
Begin: Running /scripts/local-premount ... [    6.183485] Btrfs loaded, crc32c=crc32c-intel
Scanning for Btrfs filesystems
done.
Warning: fsck not present, so skipping root file system
[    6.235919] EXT4-fs (sda1): mounted filesystem with ordered data mode. Opts: (null)
done.
Begin: Running /scripts/local-bottom ... done.
Begin: Running /scripts/init-bottom ... done.
[    6.496353] ip_tables: (C) 2000-2006 Netfilter Core Team
[    6.513621] systemd[1]: systemd 237 running in system mode. (+PAM +AUDIT +SELINUX +IMA +APPARMOR +SMACK +SYSVINIT +UTMP +LIBCRYPTSETUP +GCRYPT +GNUTLS +ACL +XZ +LZ4 +SECCOMP +BLKID +ELFUTILS +KMOD -IDN2 +IDN -PCRE2 default-hierarchy=hybrid)
[    6.526364] systemd[1]: Detected virtualization oracle.
[    6.529440] systemd[1]: Detected architecture x86-64.

Welcome to [1mUbuntu 18.04.6 LTS[0m!

[    6.549316] systemd[1]: Set hostname to <web01>.
[    6.919701] systemd[1]: Created slice System Slice.
[[0;32m  OK  [0m] Created slice System Slice.
[    6.925637] systemd[1]: Listening on LVM2 metadata daemon socket.
[[0;32m  OK  [0m] Listening on LVM2 metadata daemon socket.
[    6.932253] systemd[1]: Listening on /dev/initctl Compatibility Named Pipe.
[[0;32m  OK  [0m] Listening on /dev/initctl Compatibility Named Pipe.
[    6.939342] systemd[1]: Listening on Journal Socket.
[[0;32m  OK  [0m] Listening on Journal Socket.
[    6.949109] systemd[1]: Starting Create list of required static device nodes for the current kernel...
         Starting Create list of required stâ€¦ce nodes for the current kernel...
[    6.959081] systemd[1]: Starting Set the console keyboard layout...
         Starting Set the console keyboard layout...
[[0;32m  OK  [0m] Listening on udev Kernel Socket.
[[0;32m  OK  [0m] Listening on udev Control Socket.
[[0;32m  OK  [0m] Set up automount Arbitrary Executabâ€¦rmats File System Automount Point.
         Mounting Huge Pages File System...
[[0;32m  OK  [0m] Listening on Network Service Netlink Socket.
[[0;32m  OK  [0m] Reached target Swap.
[[0;32m  OK  [0m] Listening on Syslog Socket.
[[0;32m  OK  [0m] Reached target System Time Synchronized.
[[0;32m  OK  [0m] Listening on Journal Socket (/dev/log).
[[0;32m  OK  [0m] Created slice User and Session Slice.
[[0;32m  OK  [0m] Listening on Journal Audit Socket.
[[0;32m  OK  [0m] Reached target Mounting snaps.
         Starting Journal Service...
         Mounting POSIX Message Queue File System...
[[0;32m  OK  [0m] Listening on Device-mapper event daemon FIFOs.
         Starting Monitoring of LVM2 mirrorsâ€¦ng dmeventd or progress polling...
         Starting udev Coldplug all Devices...
         Starting Load Kernel Modules...
         Mounting Kernel Debug File System...
         Starting Uncomplicated firewall...
[[0;32m  OK  [0m] Listening on LVM2 poll daemon socket.
[[0;32m  OK  [0m] Reached target Slices.
[[0;32m  OK  [0m] Created slice system-serial\x2dgetty.slice.
[[0;32m  OK  [0m] Reached target Mounted snaps.
[[0;32m  OK  [0m] Listening on fsck to fsckd communication Socket.
         Starting File System Check on Root Device...
[[0;32m  OK  [0m] Started Forward Password Requests to Wall Directory Watch.
[[0;32m  OK  [0m] Reached target User and Group Name Lookups.
[[0;32m  OK  [0m] Started Journal Service.
[[0;32m  OK  [0m] Started Create list of required staâ€¦vice nodes for the current kernel.
[    7.302711] Loading iSCSI transport class v2.0-870.
[[0;32m  OK  [0m] Started Set the console keyboard layout.
[[0;32m  OK  [0m] Mounted Huge Pages File System.
[[0;32m  OK  [0m] Mounted POSIX Message Queue File System.
[[0;32m  OK  [0m] Mounted Kernel Debug File System.
[[0;32m  OK  [0m] Started Uncomplicated firewall.
[[0;32m  OK  [0m] Started LVM2 metadata daemon.
         Starting Create Static Device Nodes in /dev...
[[0;32m  OK  [0m] Started File System Check Daemon to report status.
[    7.345518] iscsi: registered transport (tcp)
[[0;32m  OK  [0m] Started udev Coldplug all Devices.
[    7.384224] iscsi: registered transport (iser)
[[0;32m  OK  [0m] Started Load Kernel Modules.
         Starting Apply Kernel Variables...
         Mounting Kernel Configuration File System...
         Mounting FUSE Control File System...
[[0;32m  OK  [0m] Mounted Kernel Configuration File System.
[[0;32m  OK  [0m] Mounted FUSE Control File System.
[[0;32m  OK  [0m] Started Create Static Device Nodes in /dev.
[[0;32m  OK  [0m] Started Monitoring of LVM2 mirrors,â€¦sing dmeventd or progress polling.
[[0;32m  OK  [0m] Started File System Check on Root Device.
[[0;32m  OK  [0m] Started Apply Kernel Variables.
         Starting Remount Root and Kernel File Systems...
[[0;32m  OK  [0m] Started Remount Root and Kernel File Systems.
         Starting Load/Save Random Seed...
         Starting udev Kernel Device Manager...
         Starting Flush Journal to Persistent Storage...
[[0;32m  OK  [0m] Reached target Local File Systems (Pre).
[[0;32m  OK  [0m] Reached target Local File Systems.
         Starting AppArmor initialization...
         Starting Set console font and keymap...
         Starting Tell Plymouth To Write Out Runtime Data...
         Starting ebtables ruleset management...
[[0;32m  OK  [0m] Started Load/Save Random Seed.
[[0;32m  OK  [0m] Started udev Kernel Device Manager.
[[0;32m  OK  [0m] Started Dispatch Password Requests to Console Directory Watch.
[[0;32m  OK  [0m] Reached target Local Encrypted Volumes.
[[0;32m  OK  [0m] Started Set console font and keymap.
[[0;32m  OK  [0m] Started Tell Plymouth To Write Out Runtime Data.
[[0;32m  OK  [0m] Started Flush Journal to Persistent Storage.
         Starting Create Volatile Files and Directories...
[[0;32m  OK  [0m] Started Create Volatile Files and Directories.
         Starting Update UTMP about System Boot/Shutdown...
[[0;32m  OK  [0m] Started Update UTMP about System Boot/Shutdown.
[[0;32m  OK  [0m] Started ebtables ruleset management.
[[0;32m  OK  [0m] Found device /dev/ttyS0.
[[0;32m  OK  [0m] Listening on Load/Save RF Kill Switch Status /dev/rfkill Watch.
[[0;32m  OK  [0m] Started AppArmor initialization.
         Starting Load AppArmor profiles managed internally by snapd...
         Starting Initial cloud-init job (pre-networking)...
         Mounting Arbitrary Executable File Formats File System...
[[0;32m  OK  [0m] Mounted Arbitrary Executable File Formats File System.
[[0;32m  OK  [0m] Started Load AppArmor profiles managed internally by snapd.
[   10.115909] cloud-init[572]: Cloud-init v. 23.1.2-0ubuntu0~18.04.1 running 'init-local' at Thu, 08 Jun 2023 22:01:04 +0000. Up 9.93 seconds.
[[0;32m  OK  [0m] Started Initial cloud-init job (pre-networking).
[[0;32m  OK  [0m] Reached target Network (Pre).
         Starting Network Service...
[[0;32m  OK  [0m] Started Network Service.
         Starting Wait for Network to be Configured...
         Starting Network Name Resolution...
[[0;32m  OK  [0m] Started Network Name Resolution.
[[0;32m  OK  [0m] Reached target Host and Network Name Lookups.
[[0;32m  OK  [0m] Reached target Network.
[[0;32m  OK  [0m] Started Wait for Network to be Configured.
         Starting Initial cloud-init job (metadata service crawler)...
[   12.764607] cloud-init[689]: Cloud-init v. 23.1.2-0ubuntu0~18.04.1 running 'init' at Thu, 08 Jun 2023 22:01:06 +0000. Up 12.50 seconds.
[   12.768669] cloud-init[689]: ci-info: ++++++++++++++++++++++++++++++++++++++Net device info+++++++++++++++++++++++++++++++++++++++
[   12.772029] cloud-init[689]: ci-info: +--------+------+-----------------------------+---------------+--------+-------------------+
[   12.775440] cloud-init[689]: ci-info: | Device |  Up  |           Address           |      Mask     | Scope  |     Hw-Address    |
[   12.779729] cloud-init[689]: ci-info: +--------+------+-----------------------------+---------------+--------+-------------------+
[   12.783893] cloud-init[689]: ci-info: | enp0s3 | True |          10.0.2.15          | 255.255.255.0 | global | 02:ce:cf:1b:c9:4b |
[   12.787794] cloud-init[689]: ci-info: | enp0s3 | True |  fe80::ce:cfff:fe1b:c94b/64 |       .       |  link  | 02:ce:cf:1b:c9:4b |
[   12.792218] cloud-init[689]: ci-info: | enp0s8 | True |        192.168.56.11        | 255.255.255.0 | global | 08:00:27:44:49:83 |
[   12.795954] cloud-init[689]: ci-info: | enp0s8 | True | fe80::a00:27ff:fe44:4983/64 |       .       |  link  | 08:00:27:44:49:83 |
[   12.799369] cloud-init[689]: ci-info: |   lo   | True |          127.0.0.1          |   255.0.0.0   |  host  |         .         |
[   12.802749] cloud-init[689]: ci-info: |   lo   | True |           ::1/128           |       .       |  host  |         .         |
[   12.806269] cloud-init[689]: ci-info: +--------+------+-----------------------------+---------------+--------+-------------------+
[   12.809856] cloud-init[689]: ci-info: +++++++++++++++++++++++++++++Route IPv4 info+++++++++++++++++++++++++++++
[   12.813018] cloud-init[689]: ci-info: +-------+--------------+----------+-----------------+-----------+-------+
[   12.816577] cloud-init[689]: ci-info: | Route | Destination  | Gateway  |     Genmask     | Interface | Flags |
[   12.820061] cloud-init[689]: ci-info: +-------+--------------+----------+-----------------+-----------+-------+
[   12.823305] cloud-init[689]: ci-info: |   0   |   0.0.0.0    | 10.0.2.2 |     0.0.0.0     |   enp0s3  |   UG  |
[   12.826995] cloud-init[689]: ci-info: |   1   |   10.0.2.0   | 0.0.0.0  |  255.255.255.0  |   enp0s3  |   U   |
[   12.830639] cloud-init[689]: ci-info: |   2   |   10.0.2.2   | 0.0.0.0  | 255.255.255.255 |   enp0s3  |   UH  |
[   12.833808] cloud-init[689]: ci-info: |   3   | 192.168.56.0 | 0.0.0.0  |  255.255.255.0  |   enp0s8  |   U   |
[   12.836803] cloud-init[689]: ci-info: +-------+--------------+----------+-----------------+-----------+-------+
[   12.839768] cloud-init[689]: ci-info: +++++++++++++++++++Route IPv6 info+++++++++++++++++++
[   12.842902] cloud-init[689]: ci-info: +-------+-------------+---------+-----------+-------+
[   12.845728] cloud-init[689]: ci-info: | Route | Destination | Gateway | Interface | Flags |
[   12.848086] cloud-init[689]: ci-info: +-------+-------------+---------+-----------+-------+
[   12.850783] cloud-init[689]: ci-info: |   1   |  fe80::/64  |    ::   |   enp0s8  |   U   |
[   12.853182] cloud-init[689]: ci-info: |   2   |  fe80::/64  |    ::   |   enp0s3  |   U   |
[   12.856184] cloud-init[689]: ci-info: |   4   |    local    |    ::   |   enp0s3  |   U   |
[   12.858969] cloud-init[689]: ci-info: |   5   |    local    |    ::   |   enp0s8  |   U   |
[   12.861455] cloud-init[689]: ci-info: |   6   |   ff00::/8  |    ::   |   enp0s8  |   U   |
[   12.863934] cloud-init[689]: ci-info: |   7   |   ff00::/8  |    ::   |   enp0s3  |   U   |
[   12.866023] cloud-init[689]: ci-info: +-------+-------------+---------+-----------+-------+
[[0;32m  OK  [0m] Started Initial cloud-init job (metadata service crawler).
[[0;32m  OK  [0m] Reached target Network is Online.
[[0;32m  OK  [0m] Reached target Remote File Systems (Pre).
         Starting Availability of block devices...
         Mounting /vagrant...
[[0;32m  OK  [0m] Reached target Cloud-config availability.
[[0;32m  OK  [0m] Reached target System Initialization.
[[0;32m  OK  [0m] Listening on D-Bus System Message Bus Socket.
[[0;32m  OK  [0m] Started Daily Cleanup of Temporary Directories.
[[0;32m  OK  [0m] Started Discard unused blocks once a week.
[[0;32m  OK  [0m] Started Ubuntu Advantage Timer for running repeated jobs.
[[0;32m  OK  [0m] Started ACPI Events Check.
[[0;32m  OK  [0m] Reached target Paths.
         Starting LXD - unix socket.
[[0;32m  OK  [0m] Listening on Open-iSCSI iscsid Socket.
[[0;32m  OK  [0m] Started Daily apt download activities.
[[0;32m  OK  [0m] Started Daily apt upgrade and clean activities.
         Starting Socket activation for snappy daemon.
[[0;32m  OK  [0m] Listening on cloud-init hotplug hook socket.
[[0;32m  OK  [0m] Started Message of the Day.
[[0;32m  OK  [0m] Reached target Timers.
[[0;32m  OK  [0m] Listening on UUID daemon activation socket.
[[0;32m  OK  [0m] Listening on ACPID Listen Socket.
[[0;32m  OK  [0m] Listening on LXD - unix socket.
[[0;32m  OK  [0m] Listening on Socket activation for snappy daemon.
[[0;32m  OK  [0m] Reached target Sockets.
[[0;32m  OK  [0m] Reached target Basic System.
[[0;32m  OK  [0m] Started Regular background program processing daemon.
[[0;32m  OK  [0m] Started D-Bus System Message Bus.
         Starting OpenBSD Secure Shell server...
         Starting Accounts Service...
         Starting LSB: Record successful boot for GRUB...
[[0;32m  OK  [0m] Started irqbalance daemon.
[[0;32m  OK  [0m] Reached target Login Prompts (Pre).
         Starting Dispatcher daemon for systemd-networkd...
         Starting System Logging Service...
         Starting Login Service...
         Starting Virtualbox guest utils...
[[0;32m  OK  [0m] Started FUSE filesystem for LXC.
         Starting LXD - container startup/shutdown...
         Starting Snap Daemon...
[[0;32m  OK  [0m] Started Deferred execution scheduler.
[[0;32m  OK  [0m] Started Availability of block devices.
[[0;32m  OK  [0m] Mounted /vagrant.
[[0;32m  OK  [0m] Reached target Remote File Systems.
         Starting Permit User Sessions...
         Starting LSB: automatic crash report generation...
[[0;32m  OK  [0m] Started Login Service.
[[0;32m  OK  [0m] Started Unattended Upgrades Shutdown.
[[0;32m  OK  [0m] Started System Logging Service.
[[0;32m  OK  [0m] Started Permit User Sessions.
         Starting Hold until boot process finishes up...
         Starting Terminate Plymouth Boot Screen...
[[0;32m  OK  [0m] Started Hold until boot process finishes up.
         Starting Set console scheme...
[[0;32m  OK  [0m] Started Serial Getty on ttyS0.
[[0;32m  OK  [0m] Started Terminate Plymouth Boot Screen.
[[0;32m  OK  [0m] Started Set console scheme.
[[0;32m  OK  [0m] Created slice system-getty.slice.
[[0;32m  OK  [0m] Started Getty on tty1.
[[0;32m  OK  [0m] Reached target Login Prompts.
         Starting Authorization Manager...
[[0;32m  OK  [0m] Started OpenBSD Secure Shell server.
[[0;32m  OK  [0m] Started Virtualbox guest utils.
[[0;32m  OK  [0m] Started LSB: Record successful boot for GRUB.
[[0;32m  OK  [0m] Started Authorization Manager.
[[0;32m  OK  [0m] Started Accounts Service.
[[0;32m  OK  [0m] Started LSB: automatic crash report generation.
[[0;32m  OK  [0m] Started LXD - container startup/shutdown.
[[0;32m  OK  [0m] Created slice User Slice of vagrant.
         Starting User Manager for UID 1000...
[[0;32m  OK  [0m] Started Session 1 of user vagrant.
[[0;32m  OK  [0m] Started Dispatcher daemon for systemd-networkd.
[[0;32m  OK  [0m] Started User Manager for UID 1000.
[[0;32m  OK  [0m] Started Snap Daemon.
         Starting Wait until snapd is fully seeded...
         Starting Time & Date Service...
[[0;32m  OK  [0m] Started Time & Date Service.
[[0;32m  OK  [0m] Started Wait until snapd is fully seeded.
         Starting Apply the settings specified in cloud-config...
[   15.398602] cloud-init[1187]: Cloud-init v. 23.1.2-0ubuntu0~18.04.1 running 'modules:config' at Thu, 08 Jun 2023 22:01:09 +0000. Up 15.30 seconds.
[[0;32m  OK  [0m] Started Apply the settings specified in cloud-config.
[[0;32m  OK  [0m] Reached target Multi-User System.
[[0;32m  OK  [0m] Reached target Graphical Interface.
         Starting Update UTMP about System Runlevel Changes...
         Starting Execute cloud user/final scripts...
[[0;32m  OK  [0m] Started Update UTMP about System Runlevel Changes.
[   15.887916] cloud-init[1302]: Cloud-init v. 23.1.2-0ubuntu0~18.04.1 running 'modules:final' at Thu, 08 Jun 2023 22:01:09 +0000. Up 15.78 seconds.
[   15.891435] cloud-init[1302]: Cloud-init v. 23.1.2-0ubuntu0~18.04.1 finished at Thu, 08 Jun 2023 22:01:09 +0000. Datasource DataSourceNoCloud [seed=/dev/sdb][dsmode=net].  Up 15.88 seconds
[[0;32m  OK  [0m] Started Execute cloud user/final scripts.
[[0;32m  OK  [0m] Reached target Cloud-init target.

Ubuntu 18.04.6 LTS web01 ttyS0

web01 login: 